Copyright 1986-2020 Xilinx, Inc. All Rights Reserved.
---------------------------------------------------------------------------------------------------------------------------------------------------------------------------------------------------------------------------------
| Tool Version : Vivado v.2020.2 (win64) Build 3064766 Wed Nov 18 09:12:45 MST 2020
| Date         : Mon Sep  7 22:01:27 2026
| Host         : DESKTOP-D9CQGLM running 64-bit major release  (build 9200)
| Command      : report_utilization -hierarchical -file //wsl.localhost/Ubuntu-22.04/home/js/workspace/unified23/JS_NTT/new_project/fpga_rtl_design_experience/examples/operator_cost/results/operator_cost_utilization_hier.rpt
| Design       : operator_cost_all
| Device       : 7z020clg484-1
| Design State : Synthesized
---------------------------------------------------------------------------------------------------------------------------------------------------------------------------------------------------------------------------------

Utilization Design Information

Table of Contents
-----------------
1. Utilization by Hierarchy

1. Utilization by Hierarchy
---------------------------

+-------------------+------------------+------------+------------+---------+------+-----+--------+--------+------------+
|      Instance     |      Module      | Total LUTs | Logic LUTs | LUTRAMs | SRLs | FFs | RAMB36 | RAMB18 | DSP Blocks |
+-------------------+------------------+------------+------------+---------+------+-----+--------+--------+------------+
| operator_cost_all |            (top) |        231 |        231 |       0 |    0 | 680 |      0 |      0 |          1 |
|   u_add           |         op_add23 |         23 |         23 |       0 |    0 |  69 |      0 |      0 |          0 |
|   u_eq            |          op_eq23 |          8 |          8 |       0 |    0 |  47 |      0 |      0 |          0 |
|   u_ge_const      |    op_ge_const23 |          6 |          6 |       0 |    0 |  24 |      0 |      0 |          0 |
|   u_lt            |          op_lt23 |         12 |         12 |       0 |    0 |  47 |      0 |      0 |          0 |
|   u_modsub        |      op_modsub23 |         46 |         46 |       0 |    0 |  92 |      0 |      0 |          0 |
|   u_mul           |      op_mul23x16 |          0 |          0 |       0 |    0 |  39 |      0 |      0 |          1 |
|   u_mux2          |       op_mux2_23 |         23 |         23 |       0 |    0 |  70 |      0 |      0 |          0 |
|   u_mux4          |       op_mux4_23 |         23 |         23 |       0 |    0 | 117 |      0 |      0 |          0 |
|   u_reduce_or     |   op_reduce_or13 |          3 |          3 |       0 |    0 |  14 |      0 |      0 |          0 |
|   u_shift_const   | op_shift_const23 |          0 |          0 |       0 |    0 |  41 |      0 |      0 |          0 |
|   u_shift_var     |   op_shift_var23 |         64 |         64 |       0 |    0 |  51 |      0 |      0 |          0 |
|   u_sub           |         op_sub23 |         23 |         23 |       0 |    0 |  69 |      0 |      0 |          0 |
+-------------------+------------------+------------+------------+---------+------+-----+--------+--------+------------+


